// Jest Snapshot v1, https://goo.gl/fbAQLP

exports[`<SnackBar /> renders component 1`] = `
<Provider
  store={
    Object {
      "clearActions": [Function],
      "dispatch": [Function],
      "getActions": [Function],
      "getState": [Function],
      "replaceReducer": [Function],
      "subscribe": [Function],
    }
  }
>
  <SnackBar>
    <Connect(Toast)
      className="css-13530nd"
      container={[Function]}
      message={[Function]}
    >
      <Toast
        className="css-13530nd"
        container={[Function]}
        message={[Function]}
        onClose={[Function]}
        removeToast={[Function]}
        toast={
          Object {
            "id": 1,
            "message": "Lorem ipsum dolor sit amet.",
          }
        }
      >
        <div
          aria-live="polite"
          aria-relevant="additions"
        >
          <Drawer
            alwaysActive={false}
            animation={
              Object {
                "duration": null,
                "in": "",
                "out": "",
              }
            }
            className="css-13530nd"
            isOpen={true}
            onClose={[Function]}
            onDidClose={[Function]}
            onOpen={[Function]}
          >
            <div
              className="css-13530nd css-1rg7udn css-1dwe0qx"
              onAnimationEnd={[Function]}
              style={Object {}}
            >
              <Container>
                <div>
                  <Message
                    text="Lorem ipsum dolor sit amet."
                  >
                    <p
                      className="css-1yqa5rq"
                    >
                      <Translate
                        className=""
                        params={Object {}}
                        string="Lorem ipsum dolor sit amet."
                      >
                        <span
                          className=""
                        >
                          Lorem ipsum dolor sit amet.
                        </span>
                      </Translate>
                    </p>
                  </Message>
                </div>
              </Container>
            </div>
          </Drawer>
        </div>
      </Toast>
    </Connect(Toast)>
  </SnackBar>
</Provider>
`;
